// Jest Snapshot v1, https://goo.gl/fbAQLP

exports[`WorkoutDBLoader load Workout File from DB 1`] = `
[
  Step {
    "cadence": undefined,
    "cooldown": false,
    "duration": 600,
    "end": 600,
    "hrm": undefined,
    "power": {
      "max": 80,
      "min": 50,
      "type": "pct of FTP",
    },
    "start": 0,
    "steady": false,
    "text": "",
    "type": "step",
    "work": false,
  },
  Step {
    "cadence": undefined,
    "cooldown": false,
    "duration": 60,
    "end": 660,
    "hrm": undefined,
    "power": {
      "max": 95,
      "min": 80,
      "type": "pct of FTP",
    },
    "start": 600,
    "steady": false,
    "text": "",
    "type": "step",
    "work": true,
  },
  Step {
    "cadence": undefined,
    "cooldown": false,
    "duration": 180,
    "end": 840,
    "hrm": undefined,
    "power": {
      "max": 55.00000000000001,
      "min": 55.00000000000001,
      "type": "pct of FTP",
    },
    "start": 660,
    "steady": true,
    "text": "",
    "type": "step",
    "work": true,
  },
  Step {
    "cadence": undefined,
    "cooldown": false,
    "duration": 720,
    "end": 1560,
    "hrm": undefined,
    "power": undefined,
    "start": 840,
    "steady": true,
    "text": "",
    "type": "step",
    "work": false,
  },
  Step {
    "cadence": undefined,
    "cooldown": false,
    "duration": 360,
    "end": 1920,
    "hrm": undefined,
    "power": {
      "max": 55.00000000000001,
      "min": 55.00000000000001,
      "type": "pct of FTP",
    },
    "start": 1560,
    "steady": true,
    "text": "",
    "type": "step",
    "work": true,
  },
  Step {
    "cadence": undefined,
    "cooldown": false,
    "duration": 720,
    "end": 2640,
    "hrm": undefined,
    "power": undefined,
    "start": 1920,
    "steady": true,
    "text": "",
    "type": "step",
    "work": false,
  },
  Step {
    "cadence": undefined,
    "cooldown": true,
    "duration": 300,
    "end": 2940,
    "hrm": undefined,
    "power": {
      "max": 65,
      "min": 45,
      "type": "pct of FTP",
    },
    "start": 2640,
    "steady": false,
    "text": "",
    "type": "step",
    "work": false,
  },
]
`;
