// Jest Snapshot v1, https://jestjs.io/docs/snapshot-testing

exports[`MapArea constructor and getters normal flow 1`] = `
[
  "4815077",
  "183973236",
  "183973238",
  "184561984",
]
`;

exports[`MapArea constructor and getters normal flow 2`] = `
{
  "bounds": {
    "maxlat": -16.7820535,
    "maxlon": 145.7023158,
    "minlat": -16.7901496,
    "minlon": 145.6982433,
  },
  "id": "4815077",
  "name": "Vasey Esplanade",
  "path": [
    {
      "id": "1941090209",
      "lat": -16.7820535,
      "lng": 145.6982433,
      "tags": undefined,
      "ways": [
        "4815077",
      ],
    },
    {
      "id": "5701587616",
      "lat": -16.7822514,
      "lng": 145.6983275,
      "tags": undefined,
      "ways": [
        "4815077",
      ],
    },
    {
      "id": "1944102704",
      "lat": -16.7824429,
      "lng": 145.6983982,
      "tags": undefined,
      "ways": [
        "4815077",
        "183973238",
      ],
    },
    {
      "id": "1944102701",
      "lat": -16.7826913,
      "lng": 145.6984974,
      "tags": undefined,
      "ways": [
        "4815077",
        "183973238",
      ],
    },
    {
      "id": "5701587613",
      "lat": -16.7831131,
      "lng": 145.698688,
      "tags": undefined,
      "ways": [
        "4815077",
      ],
    },
    {
      "id": "1941090232",
      "lat": -16.78344,
      "lng": 145.6988323,
      "tags": undefined,
      "ways": [
        "4815077",
      ],
    },
    {
      "id": "5701587612",
      "lat": -16.7834807,
      "lng": 145.6988448,
      "tags": undefined,
      "ways": [
        "4815077",
      ],
    },
    {
      "id": "5701587611",
      "lat": -16.7835291,
      "lng": 145.6988493,
      "tags": undefined,
      "ways": [
        "4815077",
      ],
    },
    {
      "id": "5701587610",
      "lat": -16.7836028,
      "lng": 145.6988474,
      "tags": undefined,
      "ways": [
        "4815077",
      ],
    },
    {
      "id": "5701587609",
      "lat": -16.7837142,
      "lng": 145.6988438,
      "tags": undefined,
      "ways": [
        "4815077",
      ],
    },
    {
      "id": "1941090215",
      "lat": -16.7837544,
      "lng": 145.6988501,
      "tags": undefined,
      "ways": [
        "4815077",
        "184561984",
      ],
    },
    {
      "id": "5701587607",
      "lat": -16.7837984,
      "lng": 145.698862,
      "tags": undefined,
      "ways": [
        "4815077",
      ],
    },
    {
      "id": "30926715",
      "lat": -16.7839079,
      "lng": 145.6989008,
      "tags": undefined,
      "ways": [
        "4815077",
      ],
    },
    {
      "id": "5701587606",
      "lat": -16.7839716,
      "lng": 145.6989271,
      "tags": undefined,
      "ways": [
        "4815077",
      ],
    },
    {
      "id": "5701587605",
      "lat": -16.7840315,
      "lng": 145.6989562,
      "tags": undefined,
      "ways": [
        "4815077",
      ],
    },
    {
      "id": "5701587604",
      "lat": -16.7841513,
      "lng": 145.6990196,
      "tags": undefined,
      "ways": [
        "4815077",
      ],
    },
    {
      "id": "1950581698",
      "lat": -16.7852118,
      "lng": 145.6995816,
      "tags": undefined,
      "ways": [
        "4815077",
        "184561984",
      ],
    },
    {
      "id": "30926693",
      "lat": -16.7852871,
      "lng": 145.6996239,
      "tags": undefined,
      "ways": [
        "4815077",
      ],
    },
    {
      "id": "5701587617",
      "lat": -16.7880341,
      "lng": 145.7010853,
      "tags": undefined,
      "ways": [
        "4815077",
      ],
    },
    {
      "id": "30926716",
      "lat": -16.7882273,
      "lng": 145.7011877,
      "tags": undefined,
      "ways": [
        "4815077",
      ],
    },
    {
      "id": "5701587618",
      "lat": -16.7898716,
      "lng": 145.7022656,
      "tags": undefined,
      "ways": [
        "4815077",
      ],
    },
    {
      "id": "5701587821",
      "lat": -16.7899098,
      "lng": 145.7022967,
      "tags": undefined,
      "ways": [
        "4815077",
      ],
    },
    {
      "id": "30926717",
      "lat": -16.7899532,
      "lng": 145.7023158,
      "tags": undefined,
      "ways": [
        "4815077",
      ],
    },
    {
      "id": "5701587620",
      "lat": -16.7899936,
      "lng": 145.7023088,
      "tags": undefined,
      "ways": [
        "4815077",
      ],
    },
    {
      "id": "5701587822",
      "lat": -16.790026,
      "lng": 145.7022812,
      "tags": undefined,
      "ways": [
        "4815077",
      ],
    },
    {
      "id": "5701587619",
      "lat": -16.7900508,
      "lng": 145.7022536,
      "tags": undefined,
      "ways": [
        "4815077",
      ],
    },
    {
      "id": "30926718",
      "lat": -16.7901496,
      "lng": 145.7021109,
      "tags": undefined,
      "ways": [
        "4815077",
      ],
    },
  ],
  "tags": {
    "highway": "unclassified",
    "name": "Vasey Esplanade",
  },
  "type": "unclassified",
}
`;

exports[`MapArea constructor and getters normal flow 3`] = `
{
  "id": "30926693",
  "lat": -16.7852871,
  "lng": 145.6996239,
  "tags": undefined,
  "ways": [
    "4815077",
  ],
}
`;

exports[`MapArea constructor and getters with multi-way roundabouts 1`] = `"R:24145957,700616375,700616377,700616378,700616379,700616380,950264741=261569371,687166587,3062866649,261569375,687166588,261567886,1667881554,1667881551,3062866659,687166591,261569380,687166592,261569384,687166593,426761660,687166594,261569388,687166595,426761851,687166596,261569371"`;

exports[`MapArea splitAtFirstBranch default location 1`] = `
[
  "82696507:99716395,99713117",
  "11217595:99716395,6329797168",
]
`;
